// Jest Snapshot v1, https://goo.gl/fbAQLP

exports[`Test class \`Statistics\` calculates 1`] = `
Statistics {
  "_args": undefined,
  "_ci": ConfidenceInterval {
    "_degreeOfFreedom": 14,
    "_level": 0.95,
    "_lower": 0.23636101328984727,
    "_margin": 0.003770771087285532,
    "_marginPercent": 1.5702923696945692,
    "_upper": 0.24390255546441836,
  },
  "_mean": 0.2401317843771328,
  "_n": 15,
  "_name": "name",
  "_ops": 4164379999.0653286,
  "_q0": 0.2340324196453845,
  "_q1": 0.2363961562926153,
  "_q2": 0.23899117417373134,
  "_q3": 0.24283454489217907,
  "_q4": 0.26205564217678246,
  "_standardDeviation": 0.006809131045845519,
  "_standardError": 0.001758110076180239,
  "_standardErrorPercent": 0.7321438437400208,
  "_variance": 0.00004636426559949729,
}
`;

exports[`Test class \`Statistics\` calculates 2`] = `"name"`;

exports[`Test class \`Statistics\` calculates 3`] = `undefined`;

exports[`Test class \`Statistics\` calculates 4`] = `15`;

exports[`Test class \`Statistics\` calculates 5`] = `0.2401317843771328`;

exports[`Test class \`Statistics\` calculates 6`] = `0.00004636426559949729`;

exports[`Test class \`Statistics\` calculates 7`] = `0.006809131045845519`;

exports[`Test class \`Statistics\` calculates 8`] = `0.001758110076180239`;

exports[`Test class \`Statistics\` calculates 9`] = `
ConfidenceInterval {
  "_degreeOfFreedom": 14,
  "_level": 0.95,
  "_lower": 0.23636101328984727,
  "_margin": 0.003770771087285532,
  "_marginPercent": 1.5702923696945692,
  "_upper": 0.24390255546441836,
}
`;

exports[`Test class \`Statistics\` calculates 10`] = `0.2340324196453845`;

exports[`Test class \`Statistics\` calculates 11`] = `0.2363961562926153`;

exports[`Test class \`Statistics\` calculates 12`] = `0.23899117417373134`;

exports[`Test class \`Statistics\` calculates 13`] = `0.24283454489217907`;

exports[`Test class \`Statistics\` calculates 14`] = `0.26205564217678246`;

exports[`Test class \`Statistics\` calculates 15`] = `4164379999.0653286`;
