// Jest Snapshot v1, https://goo.gl/fbAQLP

exports[`test class \`Stats\` calculates 1`] = `
"{
    \\"_name\\": \\"name\\",
    \\"_n\\": 15,
    \\"_mean\\": 0.2401317843771328,
    \\"_variance\\": 0.00004636426559949729,
    \\"_standardDeviation\\": 0.006809131045845519,
    \\"_standardError\\": 0.001758110076180239,
    \\"_standardErrorPercent\\": 0.7321438437400208,
    \\"_ciMargin\\": 0.0037711461134066126,
    \\"_confidenceInterval\\": [
        0.2363606382637262,
        0.24390293049053943
    ],
    \\"_ciMarginPercent\\": 1.5704485448223444,
    \\"_q0\\": 0.2340324196453845,
    \\"_q1\\": 0.2363961562926153,
    \\"_q2\\": 0.23899117417373134,
    \\"_q3\\": 0.24283454489217907,
    \\"_q4\\": 0.26205564217678246,
    \\"_ops\\": 4164379999.0653286
}"
`;
