// Jest Snapshot v1, https://goo.gl/fbAQLP

exports[`Test class \`SummaryTable\` renders a complex table 1`] = `
"[96m| Function | arg 0 | arg 1 |      Mean |     Error |    StdDev |[39m
[96m|---------:|------:|------:|----------:|----------:|----------:|[39m
[96m|     fn 1 |     ? |     ? | 0.2401 ns | 0.0038 ns | 0.0068 ns |[39m
[96m|     fn 2 |     ? |     ? | 0.2401 ns | 0.0038 ns | 0.0068 ns |[39m
[96m|          |       |       |           |           |           |[39m
[96m|     fn 1 |     ? |     ? | 0.2401 ns | 0.0038 ns | 0.0068 ns |[39m
[96m|     fn 2 |     ? |     ? | 0.2401 ns | 0.0038 ns | 0.0068 ns |[39m
[96m|          |       |       |           |           |           |[39m
[96m|     fn 1 |     ? |     ? | 0.2401 ns | 0.0038 ns | 0.0068 ns |[39m
[96m|     fn 2 |     ? |     ? | 0.2401 ns | 0.0038 ns | 0.0068 ns |[39m
"
`;

exports[`Test class \`SummaryTable\` renders a complex table 2`] = `
"
"
`;

exports[`Test class \`SummaryTable\` renders a simple table 1 1`] = `
"[96m| Function |      Mean |     Error |    StdDev |[39m
[96m|---------:|----------:|----------:|----------:|[39m
[96m|     fn 1 | 0.2401 ns | 0.0038 ns | 0.0068 ns |[39m
[96m|     fn 2 | 0.2401 ns | 0.0038 ns | 0.0068 ns |[39m
"
`;

exports[`Test class \`SummaryTable\` renders a simple table 1 2`] = `
"
"
`;

exports[`Test class \`SummaryTable\` renders a simple table 2 1`] = `
"[96m| Function |      Mean |     Error |    StdDev |[39m
[96m|---------:|----------:|----------:|----------:|[39m
[96m|     fn 1 | 0.2401 ns | 0.0038 ns | 0.0068 ns |[39m
[96m|     fn 2 | 0.2401 ns | 0.0038 ns | 0.0068 ns |[39m
"
`;

exports[`Test class \`SummaryTable\` renders a simple table 2 2`] = `
"
"
`;
